  ▲ Next.js 14.2.29

